mode: atomic
bifrost-registry/cmd/registry/main.go:23.13,24.41 1 0
bifrost-registry/cmd/registry/main.go:24.41,27.3 2 0
bifrost-registry/cmd/registry/main.go:29.31,30.20 1 6
bifrost-registry/cmd/registry/main.go:30.20,32.3 1 1
bifrost-registry/cmd/registry/main.go:33.2,33.23 1 5
bifrost-registry/cmd/registry/main.go:33.23,35.15 2 0
bifrost-registry/cmd/registry/main.go:35.15,37.4 1 0
bifrost-registry/cmd/registry/main.go:38.3,39.85 2 0
bifrost-registry/cmd/registry/main.go:39.85,41.4 1 0
bifrost-registry/cmd/registry/main.go:42.3,43.13 2 0
bifrost-registry/cmd/registry/main.go:45.2,51.39 7 5
bifrost-registry/cmd/registry/main.go:51.39,53.3 1 0
bifrost-registry/cmd/registry/main.go:54.2,55.14 2 5
bifrost-registry/cmd/registry/main.go:55.14,57.3 1 0
bifrost-registry/cmd/registry/main.go:58.2,58.17 1 5
bifrost-registry/cmd/registry/main.go:59.18,61.13 2 1
bifrost-registry/cmd/registry/main.go:62.14,64.15 2 2
bifrost-registry/cmd/registry/main.go:64.15,66.4 1 0
bifrost-registry/cmd/registry/main.go:67.3,67.26 1 2
bifrost-registry/cmd/registry/main.go:68.23,69.37 1 1
bifrost-registry/cmd/registry/main.go:69.37,71.4 1 1
bifrost-registry/cmd/registry/main.go:72.3,73.15 2 0
bifrost-registry/cmd/registry/main.go:73.15,75.4 1 0
bifrost-registry/cmd/registry/main.go:76.3,77.15 2 0
bifrost-registry/cmd/registry/main.go:77.15,79.4 1 0
bifrost-registry/cmd/registry/main.go:80.3,80.28 1 0
bifrost-registry/cmd/registry/main.go:81.15,83.18 2 0
bifrost-registry/cmd/registry/main.go:83.18,85.41 2 0
bifrost-registry/cmd/registry/main.go:85.41,87.5 1 0
bifrost-registry/cmd/registry/main.go:88.4,89.66 2 0
bifrost-registry/cmd/registry/main.go:91.3,92.15 2 0
bifrost-registry/cmd/registry/main.go:92.15,94.4 1 0
bifrost-registry/cmd/registry/main.go:95.3,99.13 5 0
bifrost-registry/cmd/registry/main.go:99.13,99.48 1 0
bifrost-registry/cmd/registry/main.go:100.3,102.10 3 0
bifrost-registry/cmd/registry/main.go:103.20,104.43 1 0
bifrost-registry/cmd/registry/main.go:104.43,106.5 1 0
bifrost-registry/cmd/registry/main.go:107.4,107.14 1 0
bifrost-registry/cmd/registry/main.go:108.21,111.36 3 0
bifrost-registry/cmd/registry/main.go:113.10,114.39 1 1
bifrost-registry/cmd/registry/main.go:117.43,118.16 1 4
bifrost-registry/cmd/registry/main.go:118.16,121.3 2 0
bifrost-registry/cmd/registry/main.go:122.2,123.14 2 4
bifrost-registry/cmd/registry/main.go:123.14,125.3 1 2
bifrost-registry/cmd/registry/main.go:126.2,128.14 3 2
bifrost-registry/cmd/registry/main.go:128.14,130.3 1 0
bifrost-registry/cmd/registry/main.go:131.2,131.11 1 2
bifrost-registry/internal/admin/server.go:30.80,31.21 1 8
bifrost-registry/internal/admin/server.go:31.21,33.3 1 1
bifrost-registry/internal/admin/server.go:34.2,35.29 2 7
bifrost-registry/internal/admin/server.go:35.29,36.17 1 0
bifrost-registry/internal/admin/server.go:36.17,38.4 1 0
bifrost-registry/internal/admin/server.go:40.2,40.67 1 7
bifrost-registry/internal/admin/server.go:42.55,44.2 1 1
bifrost-registry/internal/admin/server.go:45.68,51.54 6 44
bifrost-registry/internal/admin/server.go:51.54,53.3 1 41
bifrost-registry/internal/admin/server.go:54.2,54.44 1 44
bifrost-registry/internal/admin/server.go:54.44,57.3 2 3
bifrost-registry/internal/admin/server.go:58.2,58.52 1 41
bifrost-registry/internal/admin/server.go:58.52,60.99 2 5
bifrost-registry/internal/admin/server.go:60.99,63.4 2 4
bifrost-registry/internal/admin/server.go:65.2,65.45 1 37
bifrost-registry/internal/admin/server.go:65.45,66.64 1 9
bifrost-registry/internal/admin/server.go:66.64,69.4 2 1
bifrost-registry/internal/admin/server.go:70.3,71.45 2 8
bifrost-registry/internal/admin/server.go:71.45,73.4 1 2
bifrost-registry/internal/admin/server.go:74.3,74.68 1 8
bifrost-registry/internal/admin/server.go:74.68,77.4 2 3
bifrost-registry/internal/admin/server.go:78.3,80.17 3 5
bifrost-registry/internal/admin/server.go:80.17,83.4 2 0
bifrost-registry/internal/admin/server.go:84.3,87.34 4 5
bifrost-registry/internal/admin/server.go:87.34,89.4 1 4
bifrost-registry/internal/admin/server.go:90.3,90.9 1 5
bifrost-registry/internal/admin/server.go:93.2,94.64 2 28
bifrost-registry/internal/admin/server.go:94.64,98.3 3 4
bifrost-registry/internal/admin/server.go:99.2,100.61 2 24
bifrost-registry/internal/admin/server.go:100.61,103.3 2 1
bifrost-registry/internal/admin/server.go:104.2,104.20 1 23
bifrost-registry/internal/admin/server.go:105.21,106.36 1 2
bifrost-registry/internal/admin/server.go:106.36,108.4 1 1
bifrost-registry/internal/admin/server.go:109.3,109.234 1 1
bifrost-registry/internal/admin/server.go:110.21,111.33 1 9
bifrost-registry/internal/admin/server.go:111.33,116.4 4 3
bifrost-registry/internal/admin/server.go:117.3,117.36 1 6
bifrost-registry/internal/admin/server.go:117.36,119.4 1 1
bifrost-registry/internal/admin/server.go:120.3,121.21 2 5
bifrost-registry/internal/admin/server.go:121.21,124.4 2 1
bifrost-registry/internal/admin/server.go:125.3,126.17 2 4
bifrost-registry/internal/admin/server.go:126.17,128.4 1 1
bifrost-registry/internal/admin/server.go:129.3,130.17 2 3
bifrost-registry/internal/admin/server.go:130.17,132.44 2 2
bifrost-registry/internal/admin/server.go:132.44,134.5 1 1
bifrost-registry/internal/admin/server.go:135.4,136.10 2 2
bifrost-registry/internal/admin/server.go:138.3,139.64 2 1
bifrost-registry/internal/admin/server.go:140.52,141.37 1 11
bifrost-registry/internal/admin/server.go:141.37,143.4 1 3
bifrost-registry/internal/admin/server.go:144.3,145.17 2 8
bifrost-registry/internal/admin/server.go:145.17,147.4 1 1
bifrost-registry/internal/admin/server.go:148.3,152.62 2 7
bifrost-registry/internal/admin/server.go:152.62,155.4 2 3
bifrost-registry/internal/admin/server.go:156.3,157.17 2 4
bifrost-registry/internal/admin/server.go:157.17,160.4 2 1
bifrost-registry/internal/admin/server.go:161.3,161.32 1 3
bifrost-registry/internal/admin/server.go:161.32,164.4 2 1
bifrost-registry/internal/admin/server.go:165.3,165.35 1 2
bifrost-registry/internal/admin/server.go:165.35,167.11 2 1
bifrost-registry/internal/admin/server.go:167.11,170.5 2 1
bifrost-registry/internal/admin/server.go:171.4,172.10 2 0
bifrost-registry/internal/admin/server.go:174.3,174.76 1 1
bifrost-registry/internal/admin/server.go:175.10,176.22 1 1
bifrost-registry/internal/admin/server.go:179.71,180.106 1 12
bifrost-registry/internal/admin/server.go:180.106,183.3 2 1
bifrost-registry/internal/admin/server.go:184.2,185.16 2 11
bifrost-registry/internal/admin/server.go:185.16,188.3 2 1
bifrost-registry/internal/admin/server.go:189.2,189.15 1 10
bifrost-registry/internal/admin/server.go:191.68,192.19 1 19
bifrost-registry/internal/admin/server.go:192.19,196.3 3 5
bifrost-registry/internal/admin/server.go:197.2,197.13 1 14
bifrost-registry/internal/admin/server.go:199.58,203.2 3 35
bifrost-registry/internal/registry/config.go:83.34,83.71 1 1972
bifrost-registry/internal/registry/config.go:103.33,103.96 1 258
bifrost-registry/internal/registry/config.go:104.33,104.99 2 912
bifrost-registry/internal/registry/config.go:105.38,106.23 1 985
bifrost-registry/internal/registry/config.go:106.23,107.13 1 888
bifrost-registry/internal/registry/config.go:107.13,109.4 1 852
bifrost-registry/internal/registry/config.go:111.2,111.14 1 133
bifrost-registry/internal/registry/config.go:113.31,115.23 2 1249
bifrost-registry/internal/registry/config.go:115.23,116.25 1 1503
bifrost-registry/internal/registry/config.go:116.25,118.4 1 3
bifrost-registry/internal/registry/config.go:119.3,119.17 1 1500
bifrost-registry/internal/registry/config.go:121.2,121.13 1 1246
bifrost-registry/internal/registry/config.go:123.32,124.22 1 6241
bifrost-registry/internal/registry/config.go:124.22,125.25 1 48464
bifrost-registry/internal/registry/config.go:125.25,127.4 1 2
bifrost-registry/internal/registry/config.go:129.2,129.13 1 6239
bifrost-registry/internal/registry/config.go:134.67,135.40 1 921
bifrost-registry/internal/registry/config.go:135.40,137.3 1 13
bifrost-registry/internal/registry/config.go:138.2,139.21 2 908
bifrost-registry/internal/registry/config.go:139.21,141.3 1 67
bifrost-registry/internal/registry/config.go:142.2,142.38 1 908
bifrost-registry/internal/registry/config.go:142.38,144.3 1 2
bifrost-registry/internal/registry/config.go:145.2,145.12 1 906
bifrost-registry/internal/registry/config.go:147.35,150.39 3 921
bifrost-registry/internal/registry/config.go:150.39,152.3 1 11
bifrost-registry/internal/registry/config.go:153.2,153.40 1 910
bifrost-registry/internal/registry/config.go:153.40,155.3 1 2
bifrost-registry/internal/registry/config.go:156.2,156.12 1 908
bifrost-registry/internal/registry/config.go:158.49,159.17 1 6389
bifrost-registry/internal/registry/config.go:159.17,161.3 1 1
bifrost-registry/internal/registry/config.go:162.2,163.16 2 6388
bifrost-registry/internal/registry/config.go:163.16,165.3 1 2
bifrost-registry/internal/registry/config.go:166.2,166.39 1 6386
bifrost-registry/internal/registry/config.go:166.39,167.16 1 2250
bifrost-registry/internal/registry/config.go:168.12,170.17 2 1302
bifrost-registry/internal/registry/config.go:170.17,172.17 2 4002
bifrost-registry/internal/registry/config.go:172.17,174.6 1 0
bifrost-registry/internal/registry/config.go:175.5,176.12 2 4002
bifrost-registry/internal/registry/config.go:176.12,178.6 1 0
bifrost-registry/internal/registry/config.go:179.5,179.16 1 4002
bifrost-registry/internal/registry/config.go:179.16,181.6 1 8
bifrost-registry/internal/registry/config.go:182.5,183.48 2 3994
bifrost-registry/internal/registry/config.go:183.48,185.6 1 7
bifrost-registry/internal/registry/config.go:187.4,188.42 2 1287
bifrost-registry/internal/registry/config.go:188.42,190.5 1 0
bifrost-registry/internal/registry/config.go:191.12,192.17 1 948
bifrost-registry/internal/registry/config.go:192.17,193.48 1 1474
bifrost-registry/internal/registry/config.go:193.48,195.6 1 102
bifrost-registry/internal/registry/config.go:197.4,198.42 2 846
bifrost-registry/internal/registry/config.go:198.42,200.5 1 0
bifrost-registry/internal/registry/config.go:201.11,202.50 1 0
bifrost-registry/internal/registry/config.go:205.2,205.12 1 6269
bifrost-registry/internal/registry/config.go:207.44,208.32 1 62
bifrost-registry/internal/registry/config.go:208.32,210.3 1 1
bifrost-registry/internal/registry/config.go:211.2,212.51 2 61
bifrost-registry/internal/registry/config.go:212.51,214.3 1 1
bifrost-registry/internal/registry/config.go:215.2,215.19 1 60
bifrost-registry/internal/registry/config.go:217.43,220.16 2 143
bifrost-registry/internal/registry/config.go:220.16,222.3 1 0
bifrost-registry/internal/registry/config.go:223.2,224.52 2 143
bifrost-registry/internal/registry/config.go:224.52,226.3 1 0
bifrost-registry/internal/registry/config.go:227.2,229.21 2 143
bifrost-registry/internal/registry/config.go:229.21,231.3 1 2
bifrost-registry/internal/registry/config.go:232.2,232.21 1 143
bifrost-registry/internal/registry/config.go:232.21,234.3 1 2
bifrost-registry/internal/registry/config.go:235.2,235.23 1 143
bifrost-registry/internal/registry/config.go:235.23,237.3 1 2
bifrost-registry/internal/registry/config.go:238.2,238.26 1 143
bifrost-registry/internal/registry/config.go:238.26,239.34 1 142
bifrost-registry/internal/registry/config.go:239.34,241.4 1 3
bifrost-registry/internal/registry/config.go:243.2,243.28 1 143
bifrost-registry/internal/registry/config.go:243.28,244.34 1 143
bifrost-registry/internal/registry/config.go:244.34,246.4 1 1
bifrost-registry/internal/registry/config.go:248.2,248.26 1 143
bifrost-registry/internal/registry/config.go:248.26,250.3 1 3
bifrost-registry/internal/registry/config.go:251.2,251.35 1 140
bifrost-registry/internal/registry/config.go:251.35,253.3 1 1
bifrost-registry/internal/registry/config.go:254.2,254.77 1 139
bifrost-registry/internal/registry/config.go:254.77,256.3 1 0
bifrost-registry/internal/registry/config.go:257.2,259.29 3 139
bifrost-registry/internal/registry/config.go:259.29,260.93 1 391
bifrost-registry/internal/registry/config.go:260.93,262.4 1 2
bifrost-registry/internal/registry/config.go:263.3,263.32 1 389
bifrost-registry/internal/registry/config.go:263.32,265.4 1 1
bifrost-registry/internal/registry/config.go:266.3,266.151 1 388
bifrost-registry/internal/registry/config.go:266.151,268.4 1 3
bifrost-registry/internal/registry/config.go:269.3,269.67 1 385
bifrost-registry/internal/registry/config.go:269.67,271.4 1 0
bifrost-registry/internal/registry/config.go:272.3,272.60 1 385
bifrost-registry/internal/registry/config.go:272.60,274.4 1 1
bifrost-registry/internal/registry/config.go:275.3,275.62 1 384
bifrost-registry/internal/registry/config.go:275.62,277.4 1 2
bifrost-registry/internal/registry/config.go:278.3,278.39 1 382
bifrost-registry/internal/registry/config.go:278.39,279.40 1 382
bifrost-registry/internal/registry/config.go:279.40,281.5 1 0
bifrost-registry/internal/registry/config.go:283.3,283.52 1 382
bifrost-registry/internal/registry/config.go:283.52,285.4 1 2
bifrost-registry/internal/registry/config.go:286.3,286.33 1 380
bifrost-registry/internal/registry/config.go:286.33,287.21 1 634
bifrost-registry/internal/registry/config.go:287.21,289.5 1 1
bifrost-registry/internal/registry/config.go:291.3,291.56 1 379
bifrost-registry/internal/registry/config.go:291.56,293.4 1 1
bifrost-registry/internal/registry/config.go:294.3,295.36 2 378
bifrost-registry/internal/registry/config.go:295.36,297.4 1 1
bifrost-registry/internal/registry/config.go:298.3,299.19 2 377
bifrost-registry/internal/registry/config.go:301.2,302.29 2 125
bifrost-registry/internal/registry/config.go:302.29,303.30 1 126
bifrost-registry/internal/registry/config.go:303.30,305.4 1 0
bifrost-registry/internal/registry/config.go:306.3,306.32 1 126
bifrost-registry/internal/registry/config.go:306.32,308.4 1 1
bifrost-registry/internal/registry/config.go:309.3,309.48 1 125
bifrost-registry/internal/registry/config.go:309.48,311.4 1 0
bifrost-registry/internal/registry/config.go:312.3,312.46 1 125
bifrost-registry/internal/registry/config.go:312.46,314.4 1 1
bifrost-registry/internal/registry/config.go:315.3,315.125 1 124
bifrost-registry/internal/registry/config.go:315.125,317.4 1 1
bifrost-registry/internal/registry/config.go:318.3,319.78 2 123
bifrost-registry/internal/registry/config.go:319.78,320.32 1 361
bifrost-registry/internal/registry/config.go:320.32,322.5 1 2
bifrost-registry/internal/registry/config.go:324.3,324.33 1 121
bifrost-registry/internal/registry/config.go:324.33,326.4 1 355
bifrost-registry/internal/registry/config.go:327.3,327.30 1 121
bifrost-registry/internal/registry/config.go:327.30,328.30 1 3
bifrost-registry/internal/registry/config.go:328.30,329.58 1 9
bifrost-registry/internal/registry/config.go:329.58,330.14 1 1
bifrost-registry/internal/registry/config.go:332.5,332.59 1 8
bifrost-registry/internal/registry/config.go:332.59,333.14 1 1
bifrost-registry/internal/registry/config.go:335.5,335.58 1 7
bifrost-registry/internal/registry/config.go:335.58,336.14 1 2
bifrost-registry/internal/registry/config.go:338.5,339.40 2 5
bifrost-registry/internal/registry/config.go:339.40,340.35 1 4
bifrost-registry/internal/registry/config.go:340.35,342.7 1 1
bifrost-registry/internal/registry/config.go:344.5,344.13 1 5
bifrost-registry/internal/registry/config.go:344.13,346.6 1 4
bifrost-registry/internal/registry/config.go:349.3,349.32 1 121
bifrost-registry/internal/registry/config.go:349.32,351.4 1 1
bifrost-registry/internal/registry/config.go:352.3,352.21 1 121
bifrost-registry/internal/registry/config.go:354.2,355.31 2 120
bifrost-registry/internal/registry/config.go:355.31,356.87 1 122
bifrost-registry/internal/registry/config.go:356.87,358.4 1 0
bifrost-registry/internal/registry/config.go:359.3,359.43 1 122
bifrost-registry/internal/registry/config.go:359.43,361.4 1 1
bifrost-registry/internal/registry/config.go:362.3,363.84 2 121
bifrost-registry/internal/registry/config.go:363.84,365.4 1 2
bifrost-registry/internal/registry/config.go:366.3,366.43 1 119
bifrost-registry/internal/registry/config.go:366.43,368.4 1 1
bifrost-registry/internal/registry/config.go:369.3,369.21 1 118
bifrost-registry/internal/registry/config.go:369.21,371.4 1 110
bifrost-registry/internal/registry/config.go:372.3,372.29 1 118
bifrost-registry/internal/registry/config.go:372.29,374.4 1 0
bifrost-registry/internal/registry/config.go:375.3,375.46 1 118
bifrost-registry/internal/registry/config.go:375.46,377.4 1 1
bifrost-registry/internal/registry/config.go:378.3,379.32 2 117
bifrost-registry/internal/registry/config.go:379.32,381.11 2 116
bifrost-registry/internal/registry/config.go:381.11,383.5 1 1
bifrost-registry/internal/registry/config.go:384.4,384.24 1 115
bifrost-registry/internal/registry/config.go:384.24,386.87 2 340
bifrost-registry/internal/registry/config.go:386.87,388.6 1 336
bifrost-registry/internal/registry/config.go:391.3,392.30 2 116
bifrost-registry/internal/registry/config.go:392.30,394.4 1 336
bifrost-registry/internal/registry/config.go:395.3,395.35 1 116
bifrost-registry/internal/registry/config.go:395.35,397.31 2 7
bifrost-registry/internal/registry/config.go:397.31,399.5 1 2
bifrost-registry/internal/registry/config.go:401.3,402.37 2 114
bifrost-registry/internal/registry/config.go:402.37,407.4 4 330
bifrost-registry/internal/registry/config.go:408.3,408.16 1 114
bifrost-registry/internal/registry/config.go:408.16,409.35 1 113
bifrost-registry/internal/registry/config.go:409.35,410.59 1 219
bifrost-registry/internal/registry/config.go:410.59,411.27 1 216
bifrost-registry/internal/registry/config.go:411.27,413.7 1 320
bifrost-registry/internal/registry/config.go:415.5,415.50 1 219
bifrost-registry/internal/registry/config.go:415.50,417.21 2 12
bifrost-registry/internal/registry/config.go:417.21,419.26 2 7
bifrost-registry/internal/registry/config.go:419.26,421.8 1 2
bifrost-registry/internal/registry/config.go:422.7,422.35 1 5
bifrost-registry/internal/registry/config.go:424.6,424.24 1 10
bifrost-registry/internal/registry/config.go:428.3,428.44 1 112
bifrost-registry/internal/registry/config.go:428.44,428.100 1 306
bifrost-registry/internal/registry/config.go:429.3,430.30 2 112
bifrost-registry/internal/registry/config.go:432.2,435.15 4 110
bifrost-registry/internal/registry/config.go:437.38,437.59 1 1799
bifrost-registry/internal/registry/config.go:438.38,438.104 2 55
bifrost-registry/internal/registry/config.go:439.38,439.98 3 51
bifrost-registry/internal/registry/config.go:442.50,444.9 2 72
bifrost-registry/internal/registry/config.go:444.9,446.3 1 0
bifrost-registry/internal/registry/config.go:447.2,450.19 4 72
bifrost-registry/internal/registry/config.go:452.55,454.30 2 826
bifrost-registry/internal/registry/config.go:454.30,456.3 1 1
bifrost-registry/internal/registry/config.go:457.2,457.15 1 825
bifrost-registry/internal/registry/plan.go:32.38,39.36 3 25
bifrost-registry/internal/registry/plan.go:39.36,40.32 1 75
bifrost-registry/internal/registry/plan.go:40.32,41.12 1 0
bifrost-registry/internal/registry/plan.go:43.3,43.39 1 75
bifrost-registry/internal/registry/plan.go:43.39,46.20 3 75
bifrost-registry/internal/registry/plan.go:46.20,49.5 2 50
bifrost-registry/internal/registry/plan.go:50.4,50.84 1 75
bifrost-registry/internal/registry/plan.go:53.2,53.26 1 25
bifrost-registry/internal/registry/plan.go:53.26,55.3 1 50
bifrost-registry/internal/registry/plan.go:56.2,56.49 1 25
bifrost-registry/internal/registry/plan.go:56.49,59.3 2 25
bifrost-registry/internal/registry/plan.go:60.2,61.36 2 25
bifrost-registry/internal/registry/plan.go:61.36,63.3 1 75
bifrost-registry/internal/registry/plan.go:64.2,64.28 1 25
bifrost-registry/internal/registry/plan.go:64.28,66.30 2 25
bifrost-registry/internal/registry/plan.go:66.30,67.51 1 75
bifrost-registry/internal/registry/plan.go:67.51,69.5 1 75
bifrost-registry/internal/registry/plan.go:70.4,70.61 1 75
bifrost-registry/internal/registry/plan.go:70.61,71.48 1 75
bifrost-registry/internal/registry/plan.go:71.48,73.6 1 50
bifrost-registry/internal/registry/plan.go:76.3,76.37 1 25
bifrost-registry/internal/registry/plan.go:76.37,79.4 2 50
bifrost-registry/internal/registry/plan.go:80.3,80.44 1 25
bifrost-registry/internal/registry/plan.go:82.2,82.48 1 25
bifrost-registry/internal/registry/plan.go:82.48,82.120 1 0
bifrost-registry/internal/registry/plan.go:83.2,83.10 1 25
bifrost-registry/internal/registry/plan.go:89.63,91.56 2 11
bifrost-registry/internal/registry/plan.go:91.56,93.3 1 1
bifrost-registry/internal/registry/plan.go:94.2,95.70 2 10
bifrost-registry/internal/registry/plan.go:95.70,97.3 1 1
bifrost-registry/internal/registry/plan.go:98.2,98.42 1 9
bifrost-registry/internal/registry/plan.go:98.42,100.10 2 11
bifrost-registry/internal/registry/plan.go:100.10,102.4 1 1
bifrost-registry/internal/registry/plan.go:103.3,104.65 2 10
bifrost-registry/internal/registry/plan.go:104.65,106.4 1 0
bifrost-registry/internal/registry/plan.go:110.3,110.28 1 10
bifrost-registry/internal/registry/plan.go:110.28,112.45 2 12
bifrost-registry/internal/registry/plan.go:112.45,113.77 1 8
bifrost-registry/internal/registry/plan.go:113.77,115.6 1 1
bifrost-registry/internal/registry/plan.go:117.4,117.41 1 11
bifrost-registry/internal/registry/plan.go:117.41,118.40 1 17
bifrost-registry/internal/registry/plan.go:118.40,119.43 1 14
bifrost-registry/internal/registry/plan.go:119.43,120.15 1 8
bifrost-registry/internal/registry/plan.go:122.6,122.25 1 6
bifrost-registry/internal/registry/plan.go:122.25,124.7 1 1
bifrost-registry/internal/registry/plan.go:125.6,126.38 2 5
bifrost-registry/internal/registry/plan.go:126.38,128.7 1 2
bifrost-registry/internal/registry/plan.go:132.3,133.28 2 6
bifrost-registry/internal/registry/plan.go:133.28,136.21 3 7
bifrost-registry/internal/registry/plan.go:136.21,137.13 1 1
bifrost-registry/internal/registry/plan.go:139.4,141.37 3 6
bifrost-registry/internal/registry/plan.go:141.37,142.75 1 3
bifrost-registry/internal/registry/plan.go:142.75,144.6 1 0
bifrost-registry/internal/registry/plan.go:146.4,146.35 1 6
bifrost-registry/internal/registry/plan.go:146.35,147.45 1 10
bifrost-registry/internal/registry/plan.go:147.45,150.48 3 3
bifrost-registry/internal/registry/plan.go:150.48,152.7 1 0
bifrost-registry/internal/registry/plan.go:152.12,153.62 1 3
bifrost-registry/internal/registry/plan.go:153.62,155.8 1 0
bifrost-registry/internal/registry/plan.go:157.6,157.23 1 3
bifrost-registry/internal/registry/plan.go:157.23,159.7 1 0
bifrost-registry/internal/registry/plan.go:161.5,161.39 1 10
bifrost-registry/internal/registry/plan.go:163.4,163.45 1 6
bifrost-registry/internal/registry/plan.go:165.3,165.17 1 6
bifrost-registry/internal/registry/plan.go:165.17,167.4 1 2
bifrost-registry/internal/registry/plan.go:168.3,168.43 1 4
bifrost-registry/internal/registry/plan.go:170.2,171.43 2 2
bifrost-registry/internal/registry/plan.go:174.54,176.39 2 5
bifrost-registry/internal/registry/plan.go:176.39,178.3 1 2
bifrost-registry/internal/registry/plan.go:179.2,181.15 3 3
bifrost-registry/internal/registry/runtime.go:24.34,24.54 1 0
bifrost-registry/internal/registry/runtime.go:25.33,28.2 2 25
bifrost-registry/internal/registry/runtime.go:29.50,29.88 1 41
bifrost-registry/internal/registry/runtime.go:38.37,38.74 1 15
bifrost-registry/internal/registry/runtime.go:39.37,39.70 1 7
bifrost-registry/internal/registry/runtime.go:40.37,40.69 1 801
bifrost-registry/internal/registry/runtime.go:41.67,42.62 1 16
bifrost-registry/internal/registry/runtime.go:42.62,44.3 1 3
bifrost-registry/internal/registry/runtime.go:45.2,45.12 1 13
bifrost-registry/internal/registry/runtime.go:50.65,51.18 1 7
bifrost-registry/internal/registry/runtime.go:51.18,53.3 1 1
bifrost-registry/internal/registry/runtime.go:54.2,55.42 2 6
bifrost-registry/internal/registry/runtime.go:55.42,57.3 1 3
bifrost-registry/internal/registry/runtime.go:58.2,58.12 1 3
bifrost-registry/internal/registry/runtime.go:61.69,64.28 3 4968
bifrost-registry/internal/registry/runtime.go:64.28,65.33 1 9933
bifrost-registry/internal/registry/runtime.go:65.33,66.13 1 1663
bifrost-registry/internal/registry/runtime.go:66.13,68.5 1 2
bifrost-registry/internal/registry/runtime.go:69.4,70.14 2 1661
bifrost-registry/internal/registry/runtime.go:73.2,73.25 1 4966
bifrost-registry/internal/registry/runtime.go:73.25,75.3 1 1
bifrost-registry/internal/registry/runtime.go:76.2,76.39 1 4965
bifrost-registry/internal/registry/runtime.go:80.60,82.16 2 839
bifrost-registry/internal/registry/runtime.go:82.16,84.3 1 1
bifrost-registry/internal/registry/runtime.go:85.2,86.16 2 838
bifrost-registry/internal/registry/runtime.go:86.16,88.3 1 1
bifrost-registry/internal/registry/runtime.go:89.2,90.16 2 837
bifrost-registry/internal/registry/runtime.go:90.16,92.64 2 832
bifrost-registry/internal/registry/runtime.go:92.64,94.4 1 1
bifrost-registry/internal/registry/runtime.go:95.3,95.20 1 831
bifrost-registry/internal/registry/runtime.go:97.2,97.46 1 836
bifrost-registry/internal/registry/runtime.go:97.46,99.3 1 1
bifrost-registry/internal/registry/runtime.go:100.2,100.14 1 835
bifrost-registry/internal/registry/runtime.go:100.14,102.3 1 831
bifrost-registry/internal/registry/runtime.go:103.2,103.106 1 835
bifrost-registry/internal/registry/runtime.go:103.106,105.3 1 5
bifrost-registry/internal/registry/runtime.go:106.2,106.16 1 830
bifrost-registry/internal/registry/runtime.go:111.43,112.69 1 840
bifrost-registry/internal/registry/runtime.go:112.69,113.38 1 2517
bifrost-registry/internal/registry/runtime.go:113.38,115.37 2 838
bifrost-registry/internal/registry/runtime.go:115.37,117.5 1 833
bifrost-registry/internal/registry/runtime.go:118.4,118.20 1 5
bifrost-registry/internal/registry/runtime.go:121.2,121.18 1 2
bifrost-registry/internal/registry/runtime.go:123.63,125.9 2 829
bifrost-registry/internal/registry/runtime.go:125.9,127.3 1 1
bifrost-registry/internal/registry/runtime.go:128.2,129.26 2 828
bifrost-registry/internal/registry/runtime.go:129.26,131.3 1 2
bifrost-registry/internal/registry/runtime.go:132.2,132.34 1 828
bifrost-registry/internal/registry/runtime.go:132.34,134.3 1 1
bifrost-registry/internal/registry/runtime.go:135.2,136.16 2 827
bifrost-registry/internal/registry/runtime.go:136.16,138.3 1 1
bifrost-registry/internal/registry/runtime.go:139.2,140.16 2 826
bifrost-registry/internal/registry/runtime.go:140.16,142.3 1 1
bifrost-registry/internal/registry/runtime.go:143.2,143.86 1 825
bifrost-registry/internal/registry/runtime.go:143.86,145.30 2 2472
bifrost-registry/internal/registry/runtime.go:145.30,147.4 1 3
bifrost-registry/internal/registry/runtime.go:149.2,150.26 2 822
bifrost-registry/internal/registry/runtime.go:150.26,152.3 1 2
bifrost-registry/internal/registry/runtime.go:153.2,153.34 1 820
bifrost-registry/internal/registry/runtime.go:153.34,155.3 1 1
bifrost-registry/internal/registry/runtime.go:156.2,157.14 2 819
bifrost-registry/internal/registry/runtime.go:157.14,159.3 1 1
bifrost-registry/internal/registry/runtime.go:160.2,161.45 2 818
bifrost-registry/internal/registry/runtime.go:161.45,163.3 1 1
bifrost-registry/internal/registry/runtime.go:164.2,165.74 2 817
bifrost-registry/internal/registry/runtime.go:165.74,167.3 1 4
bifrost-registry/internal/registry/runtime.go:168.2,169.63 2 813
bifrost-registry/internal/registry/runtime.go:169.63,171.3 1 2
bifrost-registry/internal/registry/runtime.go:172.2,172.49 1 811
bifrost-registry/internal/registry/runtime.go:172.49,174.10 2 816
bifrost-registry/internal/registry/runtime.go:174.10,176.4 1 3
bifrost-registry/internal/registry/runtime.go:177.3,177.34 1 813
bifrost-registry/internal/registry/runtime.go:177.34,179.4 1 1
bifrost-registry/internal/registry/runtime.go:180.3,181.16 2 812
bifrost-registry/internal/registry/runtime.go:183.2,184.14 2 811
bifrost-registry/internal/registry/runtime.go:184.14,186.3 1 2
bifrost-registry/internal/registry/runtime.go:187.2,189.68 2 809
bifrost-registry/internal/registry/runtime.go:189.68,190.39 1 2424
bifrost-registry/internal/registry/runtime.go:190.39,192.4 1 3
bifrost-registry/internal/registry/runtime.go:194.2,194.46 1 806
bifrost-registry/internal/registry/runtime.go:194.46,196.95 2 5
bifrost-registry/internal/registry/runtime.go:196.95,198.4 1 2
bifrost-registry/internal/registry/runtime.go:199.3,199.23 1 3
bifrost-registry/internal/registry/runtime.go:199.23,201.4 1 0
bifrost-registry/internal/registry/runtime.go:202.3,204.31 3 3
bifrost-registry/internal/registry/runtime.go:204.31,206.16 2 5
bifrost-registry/internal/registry/runtime.go:206.16,208.5 1 2
bifrost-registry/internal/registry/runtime.go:209.4,209.27 1 3
bifrost-registry/internal/registry/runtime.go:209.27,212.5 2 2
bifrost-registry/internal/registry/runtime.go:214.3,214.46 1 1
bifrost-registry/internal/registry/runtime.go:216.2,217.16 2 802
bifrost-registry/internal/registry/runtime.go:217.16,219.3 1 0
bifrost-registry/internal/registry/runtime.go:221.2,222.21 2 802
bifrost-registry/internal/registry/runtime.go:228.83,229.54 1 13
bifrost-registry/internal/registry/runtime.go:229.54,231.3 1 1
bifrost-registry/internal/registry/runtime.go:232.2,232.30 1 12
bifrost-registry/internal/registry/runtime.go:232.30,234.3 1 0
bifrost-registry/internal/registry/runtime.go:235.2,236.59 2 12
bifrost-registry/internal/registry/runtime.go:236.59,238.3 1 1
bifrost-registry/internal/registry/runtime.go:239.2,241.106 3 11
bifrost-registry/internal/registry/runtime.go:241.106,243.3 1 4
bifrost-registry/internal/registry/runtime.go:244.2,245.28 2 7
bifrost-registry/internal/registry/runtime.go:245.28,247.54 2 10
bifrost-registry/internal/registry/runtime.go:247.54,249.4 1 2
bifrost-registry/internal/registry/runtime.go:250.3,250.36 1 8
bifrost-registry/internal/registry/runtime.go:250.36,252.4 1 1
bifrost-registry/internal/registry/runtime.go:253.3,253.17 1 7
bifrost-registry/internal/registry/runtime.go:255.2,256.34 2 4
bifrost-registry/internal/registry/runtime.go:256.34,258.10 2 14
bifrost-registry/internal/registry/runtime.go:258.10,259.12 1 9
bifrost-registry/internal/registry/runtime.go:261.3,263.74 3 5
bifrost-registry/internal/registry/runtime.go:263.74,265.4 1 1
bifrost-registry/internal/registry/runtime.go:266.3,267.18 2 4
bifrost-registry/internal/registry/runtime.go:267.18,269.4 1 2
bifrost-registry/internal/registry/runtime.go:270.3,271.40 2 4
bifrost-registry/internal/registry/runtime.go:271.40,272.58 1 1
bifrost-registry/internal/registry/runtime.go:272.58,274.82 2 1
bifrost-registry/internal/registry/runtime.go:274.82,276.6 1 1
bifrost-registry/internal/registry/runtime.go:278.4,278.31 1 0
bifrost-registry/internal/registry/runtime.go:280.3,280.26 1 3
bifrost-registry/internal/registry/runtime.go:282.2,282.38 1 2
bifrost-registry/internal/registry/runtime.go:282.38,282.94 1 2
bifrost-registry/internal/registry/runtime.go:283.2,284.16 2 2
bifrost-registry/internal/registry/runtime.go:284.16,286.3 1 0
bifrost-registry/internal/registry/runtime.go:287.2,287.21 1 2
bifrost-registry/internal/registry/store.go:20.45,22.16 2 2
bifrost-registry/internal/registry/store.go:22.16,24.3 1 0
bifrost-registry/internal/registry/store.go:25.2,26.16 2 2
bifrost-registry/internal/registry/store.go:26.16,28.3 1 0
bifrost-registry/internal/registry/store.go:29.2,31.16 3 2
bifrost-registry/internal/registry/store.go:33.38,33.88 3 1
bifrost-registry/internal/registry/store.go:34.38,34.65 1 910
bifrost-registry/internal/registry/store.go:35.71,37.16 2 55
bifrost-registry/internal/registry/store.go:37.16,39.3 1 1
bifrost-registry/internal/registry/store.go:40.2,42.55 3 54
bifrost-registry/internal/registry/store.go:42.55,44.3 1 2
bifrost-registry/internal/registry/store.go:45.2,45.18 1 52
bifrost-registry/internal/registry/store.go:45.18,48.17 2 2
bifrost-registry/internal/registry/store.go:48.17,50.4 1 0
bifrost-registry/internal/registry/store.go:51.3,52.48 2 2
bifrost-registry/internal/registry/store.go:52.48,54.4 1 1
bifrost-registry/internal/registry/store.go:55.3,55.77 1 1
bifrost-registry/internal/registry/store.go:55.77,57.4 1 0
bifrost-registry/internal/registry/store.go:59.2,60.23 2 51
bifrost-registry/internal/registry/store.go:62.50,64.47 2 2
bifrost-registry/internal/registry/store.go:64.47,66.3 1 0
bifrost-registry/internal/registry/store.go:67.2,68.16 2 2
bifrost-registry/internal/registry/store.go:68.16,70.3 1 0
bifrost-registry/internal/registry/store.go:71.2,73.37 3 2
bifrost-registry/internal/registry/store.go:73.37,75.3 1 2
bifrost-registry/internal/registry/store.go:76.2,76.16 1 2
bifrost-registry/internal/registry/store.go:76.16,78.3 1 2
bifrost-registry/internal/registry/store.go:79.2,80.16 2 2
bifrost-registry/internal/registry/store.go:80.16,82.3 1 0
bifrost-registry/internal/registry/store.go:83.2,83.21 1 2
bifrost-registry/internal/registry/store.go:83.21,85.3 1 0
bifrost-registry/internal/registry/store.go:86.2,86.45 1 2
bifrost-registry/internal/registry/store.go:86.45,88.3 1 0
bifrost-registry/internal/registry/store.go:90.2,90.36 1 2
bifrost-registry/internal/registry/store.go:90.36,93.3 2 2
bifrost-registry/internal/registry/store.go:94.2,94.12 1 2
